// Jest Snapshot v1, https://goo.gl/fbAQLP

exports[`ActivityIndicator Snap render ActivityIndicator -- props color 1`] = `"<div class=\\"at-activity-indicator\\"><div class=\\"at-activity-indicator__body\\"><div style=\\"width:24px;height:24px;\\" class=\\"at-loading\\"><div style=\\"border:1px solid #13CE66;border-color:#13CE66 transparent transparent transparent;width:24px;height:24px;\\" class=\\"at-loading__ring\\"></div><div style=\\"border:1px solid #13CE66;border-color:#13CE66 transparent transparent transparent;width:24px;height:24px;\\" class=\\"at-loading__ring\\"></div><div style=\\"border:1px solid #13CE66;border-color:#13CE66 transparent transparent transparent;width:24px;height:24px;\\" class=\\"at-loading__ring\\"></div></div></div>undefined</div>"`;

exports[`ActivityIndicator Snap render ActivityIndicator -- props content  1`] = `"<div class=\\"at-activity-indicator\\"><div class=\\"at-activity-indicator__body\\"><div style=\\"width:24px;height:24px;\\" class=\\"at-loading\\"><div style=\\"border:1px solid #6190E8;border-color:#6190E8 transparent transparent transparent;width:24px;height:24px;\\" class=\\"at-loading__ring\\"></div><div style=\\"border:1px solid #6190E8;border-color:#6190E8 transparent transparent transparent;width:24px;height:24px;\\" class=\\"at-loading__ring\\"></div><div style=\\"border:1px solid #6190E8;border-color:#6190E8 transparent transparent transparent;width:24px;height:24px;\\" class=\\"at-loading__ring\\"></div></div></div><span class=\\"taro-text at-activity-indicator__content\\">加载中...</span></div>"`;

exports[`ActivityIndicator Snap render ActivityIndicator -- props mode  1`] = `"<div class=\\"at-activity-indicator at-activity-indicator--center\\"><div class=\\"at-activity-indicator__body\\"><div style=\\"width:24px;height:24px;\\" class=\\"at-loading\\"><div style=\\"border:1px solid #6190E8;border-color:#6190E8 transparent transparent transparent;width:24px;height:24px;\\" class=\\"at-loading__ring\\"></div><div style=\\"border:1px solid #6190E8;border-color:#6190E8 transparent transparent transparent;width:24px;height:24px;\\" class=\\"at-loading__ring\\"></div><div style=\\"border:1px solid #6190E8;border-color:#6190E8 transparent transparent transparent;width:24px;height:24px;\\" class=\\"at-loading__ring\\"></div></div></div>undefined</div>"`;

exports[`ActivityIndicator Snap render ActivityIndicator -- props size 1`] = `"<div class=\\"at-activity-indicator\\"><div class=\\"at-activity-indicator__body\\"><div style=\\"width:32px;height:32px;\\" class=\\"at-loading\\"><div style=\\"border:1px solid #6190E8;border-color:#6190E8 transparent transparent transparent;width:32px;height:32px;\\" class=\\"at-loading__ring\\"></div><div style=\\"border:1px solid #6190E8;border-color:#6190E8 transparent transparent transparent;width:32px;height:32px;\\" class=\\"at-loading__ring\\"></div><div style=\\"border:1px solid #6190E8;border-color:#6190E8 transparent transparent transparent;width:32px;height:32px;\\" class=\\"at-loading__ring\\"></div></div></div>undefined</div>"`;

exports[`ActivityIndicator Snap render initial ActivityIndicator 1`] = `"<div class=\\"at-activity-indicator\\"><div class=\\"at-activity-indicator__body\\"><div style=\\"width:24px;height:24px;\\" class=\\"at-loading\\"><div style=\\"border:1px solid #6190E8;border-color:#6190E8 transparent transparent transparent;width:24px;height:24px;\\" class=\\"at-loading__ring\\"></div><div style=\\"border:1px solid #6190E8;border-color:#6190E8 transparent transparent transparent;width:24px;height:24px;\\" class=\\"at-loading__ring\\"></div><div style=\\"border:1px solid #6190E8;border-color:#6190E8 transparent transparent transparent;width:24px;height:24px;\\" class=\\"at-loading__ring\\"></div></div></div>undefined</div>"`;
