// Jest Snapshot v1, https://goo.gl/fbAQLP

exports[`AtDrawer Snap render AtDrawer -- props items 1`] = `""`;

exports[`AtDrawer Snap render AtDrawer -- props mask 1`] = `""`;

exports[`AtDrawer Snap render AtDrawer -- props show 1`] = `""`;

exports[`AtDrawer Snap render AtDrawer -- props width 1`] = `""`;
