// Jest Snapshot v1, https://goo.gl/fbAQLP

exports[`AtAccordion Snap render AtAccordion -- props icon 1`] = `"<div class=\\"at-accordion\\"><div class=\\"at-accordion__header\\"><span style=\\"font-size:24px;color:red;margin-right:15px;\\" class=\\"taro-text at-icon at-icon-chevron-down at-accordion__icon\\"></span><div class=\\"at-accordion__title\\"></div><span style=\\"font-size:24px;color:#c7c7cc;transition:transform 0.2s ease;transform:rotate(0);\\" class=\\"taro-text at-icon at-icon-chevron-down\\"></span></div><div style=\\"height:px;\\" class=\\"at-accordion__content\\"><div class=\\"\\"></div></div></div>"`;

exports[`AtAccordion Snap render AtAccordion -- props open 1`] = `"<div class=\\"at-accordion\\"><div class=\\"at-accordion__header\\">undefined<div class=\\"at-accordion__title\\"></div><span style=\\"font-size:24px;color:#c7c7cc;transition:transform 0.2s ease;transform:rotate(180deg);\\" class=\\"taro-text at-icon at-icon-chevron-down\\"></span></div><div style=\\"height:px;\\" class=\\"at-accordion__content\\"></div></div>"`;

exports[`AtAccordion Snap render AtAccordion -- props title 1`] = `"<div class=\\"at-accordion\\"><div class=\\"at-accordion__header\\">undefined<div class=\\"at-accordion__title\\">title</div><span style=\\"font-size:24px;color:#c7c7cc;transition:transform 0.2s ease;transform:rotate(0);\\" class=\\"taro-text at-icon at-icon-chevron-down\\"></span></div><div style=\\"height:px;\\" class=\\"at-accordion__content\\"></div></div>"`;

exports[`AtAccordion Snap render initial AtAccordion 1`] = `"<div class=\\"at-accordion\\"><div class=\\"at-accordion__header\\">undefined<div class=\\"at-accordion__title\\"></div><span style=\\"font-size:24px;color:#c7c7cc;transition:transform 0.2s ease;transform:rotate(0);\\" class=\\"taro-text at-icon at-icon-chevron-down\\"></span></div><div style=\\"height:px;\\" class=\\"at-accordion__content\\"></div></div>"`;
