// Jest Snapshot v1, https://goo.gl/fbAQLP

exports[`ActivityIndicator Snap render ActivityIndicator -- props color 1`] = `"<div class=\\"at-activity-indicator at-activity-indicator--isopened\\"><div class=\\"at-activity-indicator__body\\"><div style=\\"width:;height:;\\" class=\\"at-loading\\"><div style=\\"border:1px solid #13CE66;border-color:#13CE66 transparent transparent transparent;width:;height:;\\" class=\\"at-loading__ring\\"></div><div style=\\"border:1px solid #13CE66;border-color:#13CE66 transparent transparent transparent;width:;height:;\\" class=\\"at-loading__ring\\"></div><div style=\\"border:1px solid #13CE66;border-color:#13CE66 transparent transparent transparent;width:;height:;\\" class=\\"at-loading__ring\\"></div></div></div></div>"`;

exports[`ActivityIndicator Snap render ActivityIndicator -- props content  1`] = `"<div class=\\"at-activity-indicator at-activity-indicator--isopened\\"><div class=\\"at-activity-indicator__body\\"><div style=\\"width:;height:;\\" class=\\"at-loading\\"><div style=\\"border:;border-color:;width:;height:;\\" class=\\"at-loading__ring\\"></div><div style=\\"border:;border-color:;width:;height:;\\" class=\\"at-loading__ring\\"></div><div style=\\"border:;border-color:;width:;height:;\\" class=\\"at-loading__ring\\"></div></div></div><span class=\\"taro-text at-activity-indicator__content\\">加载中...</span></div>"`;

exports[`ActivityIndicator Snap render ActivityIndicator -- props isOpened  1`] = `"<div class=\\"at-activity-indicator at-activity-indicator--isopened\\"><div class=\\"at-activity-indicator__body\\"><div style=\\"width:;height:;\\" class=\\"at-loading\\"><div style=\\"border:;border-color:;width:;height:;\\" class=\\"at-loading__ring\\"></div><div style=\\"border:;border-color:;width:;height:;\\" class=\\"at-loading__ring\\"></div><div style=\\"border:;border-color:;width:;height:;\\" class=\\"at-loading__ring\\"></div></div></div></div>"`;

exports[`ActivityIndicator Snap render ActivityIndicator -- props mode  1`] = `"<div class=\\"at-activity-indicator at-activity-indicator--center at-activity-indicator--isopened\\"><div class=\\"at-activity-indicator__body\\"><div style=\\"width:;height:;\\" class=\\"at-loading\\"><div style=\\"border:;border-color:;width:;height:;\\" class=\\"at-loading__ring\\"></div><div style=\\"border:;border-color:;width:;height:;\\" class=\\"at-loading__ring\\"></div><div style=\\"border:;border-color:;width:;height:;\\" class=\\"at-loading__ring\\"></div></div></div></div>"`;

exports[`ActivityIndicator Snap render ActivityIndicator -- props size 1`] = `"<div class=\\"at-activity-indicator at-activity-indicator--isopened\\"><div class=\\"at-activity-indicator__body\\"><div style=\\"width:0.6827rem;height:0.6827rem;\\" class=\\"at-loading\\"><div style=\\"border:;border-color:;width:0.6827rem;height:0.6827rem;\\" class=\\"at-loading__ring\\"></div><div style=\\"border:;border-color:;width:0.6827rem;height:0.6827rem;\\" class=\\"at-loading__ring\\"></div><div style=\\"border:;border-color:;width:0.6827rem;height:0.6827rem;\\" class=\\"at-loading__ring\\"></div></div></div></div>"`;

exports[`ActivityIndicator Snap render initial ActivityIndicator 1`] = `"<div class=\\"at-activity-indicator at-activity-indicator--isopened\\"><div class=\\"at-activity-indicator__body\\"><div style=\\"width:;height:;\\" class=\\"at-loading\\"><div style=\\"border:;border-color:;width:;height:;\\" class=\\"at-loading__ring\\"></div><div style=\\"border:;border-color:;width:;height:;\\" class=\\"at-loading__ring\\"></div><div style=\\"border:;border-color:;width:;height:;\\" class=\\"at-loading__ring\\"></div></div></div></div>"`;
