// Jest Snapshot v1, https://goo.gl/fbAQLP

exports[`AtDivider Snap render AtDivider -- props childen 1`] = `"<div style=\\"height:2.3894rem;\\" class=\\"at-divider\\"><div style=\\"color:#6190E8;font-size:0.6827rem;\\" class=\\"at-divider__content\\">test</div><div style=\\"background-color:#CCC;\\" class=\\"at-divider__line\\"></div></div>"`;

exports[`AtDivider Snap render AtDivider -- props className 1`] = `"<div style=\\"height:2.3894rem;\\" class=\\"at-divider test\\"><div style=\\"color:#6190E8;font-size:0.6827rem;\\" class=\\"at-divider__content\\"></div><div style=\\"background-color:#CCC;\\" class=\\"at-divider__line\\"></div></div>"`;

exports[`AtDivider Snap render AtDivider -- props content 1`] = `"<div style=\\"height:2.3894rem;\\" class=\\"at-divider\\"><div style=\\"color:#6190E8;font-size:0.6827rem;\\" class=\\"at-divider__content\\">content</div><div style=\\"background-color:#CCC;\\" class=\\"at-divider__line\\"></div></div>"`;

exports[`AtDivider Snap render AtDivider -- props customStyle 1`] = `"<div style=\\"height:2.3894rem;color:red;\\" class=\\"at-divider\\"><div style=\\"color:#6190E8;font-size:0.6827rem;\\" class=\\"at-divider__content\\"></div><div style=\\"background-color:#CCC;\\" class=\\"at-divider__line\\"></div></div>"`;

exports[`AtDivider Snap render AtDivider -- props fontColor 1`] = `"<div style=\\"height:2.3894rem;\\" class=\\"at-divider\\"><div style=\\"color:#fff;font-size:0.6827rem;\\" class=\\"at-divider__content\\"></div><div style=\\"background-color:#CCC;\\" class=\\"at-divider__line\\"></div></div>"`;

exports[`AtDivider Snap render AtDivider -- props fontSize 1`] = `"<div style=\\"height:2.3894rem;\\" class=\\"at-divider\\"><div style=\\"color:#6190E8;font-size:1.1947rem;\\" class=\\"at-divider__content\\"></div><div style=\\"background-color:#CCC;\\" class=\\"at-divider__line\\"></div></div>"`;

exports[`AtDivider Snap render AtDivider -- props height 1`] = `"<div style=\\"height:2.56rem;\\" class=\\"at-divider\\"><div style=\\"color:#6190E8;font-size:0.6827rem;\\" class=\\"at-divider__content\\"></div><div style=\\"background-color:#CCC;\\" class=\\"at-divider__line\\"></div></div>"`;

exports[`AtDivider Snap render AtDivider -- props lineColor 1`] = `"<div style=\\"height:2.3894rem;\\" class=\\"at-divider\\"><div style=\\"color:#6190E8;font-size:0.6827rem;\\" class=\\"at-divider__content\\"></div><div style=\\"background-color:#fff;\\" class=\\"at-divider__line\\"></div></div>"`;

exports[`AtDivider Snap render initial AtDivider 1`] = `"<div style=\\"height:2.3894rem;\\" class=\\"at-divider\\"><div style=\\"color:#6190E8;font-size:0.6827rem;\\" class=\\"at-divider__content\\"></div><div style=\\"background-color:#CCC;\\" class=\\"at-divider__line\\"></div></div>"`;
