// Jest Snapshot v1, https://goo.gl/fbAQLP

exports[`AtCurtain Snap render AtCurtain -- props className 1`] = `"<div class=\\"at-curtain at-curtain--closed test\\"><div class=\\"at-curtain__container\\"><div class=\\"at-curtain__body\\"><div class=\\"at-curtain__close-box\\"><span style=\\"font-size:30px;color:#fff;\\" class=\\"taro-text at-icon at-icon-close-circle\\"></span></div></div></div></div>"`;

exports[`AtCurtain Snap render AtCurtain -- props closeBtnPosition 1`] = `"<div class=\\"at-curtain at-curtain--closed\\"><div class=\\"at-curtain__container\\"><div class=\\"at-curtain__body\\"> test <div class=\\"at-curtain__close-box at-curtain__close-box--top\\"><span style=\\"font-size:30px;color:#fff;\\" class=\\"taro-text at-icon at-icon-close-circle\\"></span></div></div></div></div>"`;

exports[`AtCurtain Snap render AtCurtain -- props closeBtnPosition 2`] = `"<div class=\\"at-curtain at-curtain--closed\\"><div class=\\"at-curtain__container\\"><div class=\\"at-curtain__body\\"> test <div class=\\"at-curtain__close-box\\"><span style=\\"font-size:30px;color:#fff;\\" class=\\"taro-text at-icon at-icon-close-circle\\"></span></div></div></div></div>"`;

exports[`AtCurtain Snap render AtCurtain -- props customStyle 1`] = `"<div style=\\"color:red;\\" class=\\"at-curtain at-curtain--closed\\"><div class=\\"at-curtain__container\\"><div class=\\"at-curtain__body\\"><div class=\\"at-curtain__close-box\\"><span style=\\"font-size:30px;color:#fff;\\" class=\\"taro-text at-icon at-icon-close-circle\\"></span></div></div></div></div>"`;

exports[`AtCurtain Snap render AtCurtain -- props isOpened 1`] = `"<div class=\\"at-curtain\\"><div class=\\"at-curtain__container\\"><div class=\\"at-curtain__body\\"> test <div class=\\"at-curtain__close-box\\"><span style=\\"font-size:30px;color:#fff;\\" class=\\"taro-text at-icon at-icon-close-circle\\"></span></div></div></div></div>"`;

exports[`AtCurtain Snap render AtCurtain -- props isOpened 2`] = `"<div class=\\"at-curtain at-curtain--closed\\"><div class=\\"at-curtain__container\\"><div class=\\"at-curtain__body\\"> test <div class=\\"at-curtain__close-box\\"><span style=\\"font-size:30px;color:#fff;\\" class=\\"taro-text at-icon at-icon-close-circle\\"></span></div></div></div></div>"`;

exports[`AtCurtain Snap render initial AtCurtain 1`] = `"<div class=\\"at-curtain at-curtain--closed\\"><div class=\\"at-curtain__container\\"><div class=\\"at-curtain__body\\"><div class=\\"at-curtain__close-box\\"><span style=\\"font-size:30px;color:#fff;\\" class=\\"taro-text at-icon at-icon-close-circle\\"></span></div></div></div></div>"`;
