// Jest Snapshot v1, https://goo.gl/fbAQLP

exports[`AtLoading Snap render AtLoading -- props color 1`] = `"<div style=\\"width:18px;height:18px;\\" class=\\"at-loading\\"><div style=\\"border:1px solid #fff;border-color:#fff transparent transparent transparent;width:18px;height:18px;\\" class=\\"at-loading__ring\\"></div><div style=\\"border:1px solid #fff;border-color:#fff transparent transparent transparent;width:18px;height:18px;\\" class=\\"at-loading__ring\\"></div><div style=\\"border:1px solid #fff;border-color:#fff transparent transparent transparent;width:18px;height:18px;\\" class=\\"at-loading__ring\\"></div></div>"`;

exports[`AtLoading Snap render AtLoading -- props size 1`] = `"<div style=\\"width:15px;height:15px;\\" class=\\"at-loading\\"><div style=\\"border:1px solid #fff;border-color:#fff transparent transparent transparent;width:15px;height:15px;\\" class=\\"at-loading__ring\\"></div><div style=\\"border:1px solid #fff;border-color:#fff transparent transparent transparent;width:15px;height:15px;\\" class=\\"at-loading__ring\\"></div><div style=\\"border:1px solid #fff;border-color:#fff transparent transparent transparent;width:15px;height:15px;\\" class=\\"at-loading__ring\\"></div></div>"`;

exports[`AtLoading Snap render initial AtLoading 1`] = `"<div style=\\"width:18px;height:18px;\\" class=\\"at-loading\\"><div style=\\"border:1px solid #fff;border-color:#fff transparent transparent transparent;width:18px;height:18px;\\" class=\\"at-loading__ring\\"></div><div style=\\"border:1px solid #fff;border-color:#fff transparent transparent transparent;width:18px;height:18px;\\" class=\\"at-loading__ring\\"></div><div style=\\"border:1px solid #fff;border-color:#fff transparent transparent transparent;width:18px;height:18px;\\" class=\\"at-loading__ring\\"></div></div>"`;
